[INFO] Scanning for projects...
[INFO] 
[INFO] -------------------< com.smartlab:smartlab-backend >--------------------
[INFO] Building SmartLabBackend 0.0.1-SNAPSHOT
[INFO]   from pom.xml
[INFO] --------------------------------[ jar ]---------------------------------
[INFO] 
[INFO] >>> spring-boot:4.0.2:run (default-cli) > test-compile @ smartlab-backend >>>
[INFO] 
[INFO] --- resources:3.3.1:resources (default-resources) @ smartlab-backend ---
[INFO] Copying 1 resource from src\main\resources to target\classes
[INFO] Copying 0 resource from src\main\resources to target\classes
[INFO] 
[INFO] --- compiler:3.14.1:compile (default-compile) @ smartlab-backend ---
[INFO] Nothing to compile - all classes are up to date.
[INFO] 
[INFO] --- resources:3.3.1:testResources (default-testResources) @ smartlab-backend ---
[INFO] skip non existing resourceDirectory D:\hands-on-spring\SmartLab\backend\src\test\resources
[INFO] 
[INFO] --- compiler:3.14.1:testCompile (default-testCompile) @ smartlab-backend ---
[INFO] Nothing to compile - all classes are up to date.
[INFO] 
[INFO] <<< spring-boot:4.0.2:run (default-cli) < test-compile @ smartlab-backend <<<
[INFO] 
[INFO] 
[INFO] --- spring-boot:4.0.2:run (default-cli) @ smartlab-backend ---
[INFO] Attaching agents: []

  .   ____          _            __ _ _
 /\\ / ___'_ __ _ _(_)_ __  __ _ \ \ \ \
( ( )\___ | '_ | '_| | '_ \/ _` | \ \ \ \
 \\/  ___)| |_)| | | | | || (_| |  ) ) ) )
  '  |____| .__|_| |_|_| |_\__, | / / / /
 =========|_|==============|___/=/_/_/_/

 :: Spring Boot ::                (v4.0.2)

2026-08-09T12:25:03.314+07:00  INFO 26436 --- [SmartLabBackend] [  restartedMain] c.smartlab.SmartLabBackendApplication    : Starting SmartLabBackendApplication using Java 21.0.11 with PID 26436 (D:\hands-on-spring\SmartLab\backend\target\classes started by datdt in D:\hands-on-spring\SmartLab\backend)
2026-08-09T12:25:03.319+07:00  INFO 26436 --- [SmartLabBackend] [  restartedMain] c.smartlab.SmartLabBackendApplication    : No active profile set, falling back to 1 default profile: "default"
2026-08-09T12:25:03.379+07:00  INFO 26436 --- [SmartLabBackend] [  restartedMain] .e.DevToolsPropertyDefaultsPostProcessor : Devtools property defaults active! Set 'spring.devtools.add-properties' to 'false' to disable
2026-08-09T12:25:03.379+07:00  INFO 26436 --- [SmartLabBackend] [  restartedMain] .e.DevToolsPropertyDefaultsPostProcessor : For additional web related logging consider setting the 'logging.level.web' property to 'DEBUG'
2026-08-09T12:25:04.786+07:00  INFO 26436 --- [SmartLabBackend] [  restartedMain] .s.d.r.c.RepositoryConfigurationDelegate : Bootstrapping Spring Data JPA repositories in DEFAULT mode.
2026-08-09T12:25:04.879+07:00  INFO 26436 --- [SmartLabBackend] [  restartedMain] .s.d.r.c.RepositoryConfigurationDelegate : Finished Spring Data repository scanning in 77 ms. Found 8 JPA repository interfaces.
2026-08-09T12:25:06.139+07:00  INFO 26436 --- [SmartLabBackend] [  restartedMain] o.s.boot.tomcat.TomcatWebServer          : Tomcat initialized with port 8080 (http)
2026-08-09T12:25:06.185+07:00  INFO 26436 --- [SmartLabBackend] [  restartedMain] o.apache.catalina.core.StandardService   : Starting service [Tomcat]
2026-08-09T12:25:06.186+07:00  INFO 26436 --- [SmartLabBackend] [  restartedMain] o.apache.catalina.core.StandardEngine    : Starting Servlet engine: [Apache Tomcat/11.0.15]
2026-08-09T12:25:06.285+07:00  INFO 26436 --- [SmartLabBackend] [  restartedMain] b.w.c.s.WebApplicationContextInitializer : Root WebApplicationContext: initialization completed in 2903 ms
2026-08-09T12:25:06.558+07:00  INFO 26436 --- [SmartLabBackend] [  restartedMain] org.hibernate.orm.jpa                    : HHH008540: Processing PersistenceUnitInfo [name: default]
2026-08-09T12:25:06.638+07:00  INFO 26436 --- [SmartLabBackend] [  restartedMain] org.hibernate.orm.core                   : HHH000001: Hibernate ORM core version 7.2.1.Final
2026-08-09T12:25:07.287+07:00  INFO 26436 --- [SmartLabBackend] [  restartedMain] o.s.o.j.p.SpringPersistenceUnitInfo      : No LoadTimeWeaver setup: ignoring JPA class transformer
2026-08-09T12:25:07.328+07:00  INFO 26436 --- [SmartLabBackend] [  restartedMain] com.zaxxer.hikari.HikariDataSource       : HikariPool-1 - Starting...
2026-08-09T12:25:07.559+07:00  INFO 26436 --- [SmartLabBackend] [  restartedMain] com.zaxxer.hikari.pool.HikariPool        : HikariPool-1 - Added connection org.postgresql.jdbc.PgConnection@2e355270
2026-08-09T12:25:07.568+07:00  INFO 26436 --- [SmartLabBackend] [  restartedMain] com.zaxxer.hikari.HikariDataSource       : HikariPool-1 - Start completed.
2026-08-09T12:25:07.659+07:00  INFO 26436 --- [SmartLabBackend] [  restartedMain] org.hibernate.orm.connections.pooling    : HHH10001005: Database info:
	Database JDBC URL [jdbc:postgresql://localhost:5432/smartlab]
	Database driver: PostgreSQL JDBC Driver
	Database dialect: PostgreSQLDialect
	Database version: 18.4
	Default catalog/schema: smartlab/public
	Autocommit mode: undefined/unknown
	Isolation level: READ_COMMITTED [default READ_COMMITTED]
	JDBC fetch size: none
	Pool: DataSourceConnectionProvider
	Minimum pool size: undefined/unknown
	Maximum pool size: undefined/unknown
2026-08-09T12:25:09.126+07:00  INFO 26436 --- [SmartLabBackend] [  restartedMain] org.hibernate.orm.core                   : HHH000489: No JTA platform available (set 'hibernate.transaction.jta.platform' to enable JTA platform integration)
2026-08-09T12:25:09.142+07:00  INFO 26436 --- [SmartLabBackend] [  restartedMain] j.LocalContainerEntityManagerFactoryBean : Initialized JPA EntityManagerFactory for persistence unit 'default'
2026-08-09T12:25:09.255+07:00  INFO 26436 --- [SmartLabBackend] [  restartedMain] o.s.d.j.r.query.QueryEnhancerFactories   : Hibernate is in classpath; If applicable, HQL parser will be used.
2026-08-09T12:25:10.515+07:00  INFO 26436 --- [SmartLabBackend] [  restartedMain] eAuthenticationProviderManagerConfigurer : Global AuthenticationManager configured with AuthenticationProvider bean with name authenticationProvider
2026-08-09T12:25:10.520+07:00  WARN 26436 --- [SmartLabBackend] [  restartedMain] r$InitializeUserDetailsManagerConfigurer : Global AuthenticationManager configured with an AuthenticationProvider bean. UserDetailsService beans will not be used by Spring Security for automatically configuring username/password login. Consider removing the AuthenticationProvider bean. Alternatively, consider using the UserDetailsService in a manually instantiated DaoAuthenticationProvider. If the current configuration is intentional, to turn off this warning, increase the logging level of 'org.springframework.security.config.annotation.authentication.configuration.InitializeUserDetailsBeanManagerConfigurer' to ERROR
2026-08-09T12:25:11.865+07:00  INFO 26436 --- [SmartLabBackend] [  restartedMain] o.s.boot.tomcat.TomcatWebServer          : Tomcat started on port 8080 (http) with context path '/api/v1.0'
2026-08-09T12:25:11.879+07:00  INFO 26436 --- [SmartLabBackend] [  restartedMain] c.smartlab.SmartLabBackendApplication    : Started SmartLabBackendApplication in 8.976 seconds (process running for 9.488)
2026-08-09T12:25:11.883+07:00  WARN 26436 --- [SmartLabBackend] [  restartedMain] o.s.core.events.SpringDocAppInitializer  : SpringDoc /v3/api-docs endpoint is enabled by default. To disable it in production, set the property 'springdoc.api-docs.enabled=false'
2026-08-09T12:25:11.883+07:00  WARN 26436 --- [SmartLabBackend] [  restartedMain] o.s.core.events.SpringDocAppInitializer  : SpringDoc /swagger-ui.html endpoint is enabled by default. To disable it in production, set the property 'springdoc.swagger-ui.enabled=false'
2026-08-09T12:25:21.062+07:00  INFO 26436 --- [SmartLabBackend] [nio-8080-exec-1] o.a.c.c.C.[.[localhost].[/api/v1.0]      : Initializing Spring DispatcherServlet 'dispatcherServlet'
2026-08-09T12:25:21.067+07:00  INFO 26436 --- [SmartLabBackend] [nio-8080-exec-1] o.s.web.servlet.DispatcherServlet        : Initializing Servlet 'dispatcherServlet'
2026-08-09T12:25:21.070+07:00  INFO 26436 --- [SmartLabBackend] [nio-8080-exec-1] o.s.web.servlet.DispatcherServlet        : Completed initialization in 1 ms
2026-08-09T12:25:21.414+07:00  WARN 26436 --- [SmartLabBackend] [nio-8080-exec-1] .w.s.m.a.ResponseStatusExceptionResolver : Resolved [org.springframework.web.server.ResponseStatusException: 400 BAD_REQUEST "Invitation token is invalid"]
2026-08-09T12:25:45.826+07:00  WARN 26436 --- [SmartLabBackend] [nio-8080-exec-5] .w.s.m.s.DefaultHandlerExceptionResolver : Resolved [org.springframework.http.converter.HttpMessageNotReadableException: JSON parse error: Unexpected character ('\' (code 92)): was expecting double-quote to start property name]
2026-08-09T12:26:05.761+07:00  WARN 26436 --- [SmartLabBackend] [nio-8080-exec-7] .w.s.m.s.DefaultHandlerExceptionResolver : Resolved [org.springframework.http.converter.HttpMessageNotReadableException: JSON parse error: Unexpected character ('t' (code 116)): was expecting double-quote to start property name]
2026-08-09T12:26:11.501+07:00  WARN 26436 --- [SmartLabBackend] [nio-8080-exec-9] .w.s.m.a.ResponseStatusExceptionResolver : Resolved [org.springframework.web.server.ResponseStatusException: 400 BAD_REQUEST "Invitation token is invalid"]
