[INFO] Scanning for projects...
Downloading from central: https://repo.maven.apache.org/maven2/org/cyclonedx/maven-metadata.xml
Downloading from central: https://repo.maven.apache.org/maven2/org/flywaydb/maven-metadata.xml
Downloading from central: https://repo.maven.apache.org/maven2/io/github/git-commit-id/maven-metadata.xml
Downloading from central: https://repo.maven.apache.org/maven2/org/springframework/boot/maven-metadata.xml
Progress (1): 255 BProgress (2): 255 B | 243 BProgress (3): 255 B | 243 B | 234 BProgress (4): 255 B | 243 B | 234 B | 249 B                                           Downloaded from central: https://repo.maven.apache.org/maven2/org/springframework/boot/maven-metadata.xml (249 B at 469 B/s)
Downloaded from central: https://repo.maven.apache.org/maven2/org/flywaydb/maven-metadata.xml (234 B at 441 B/s)
Downloaded from central: https://repo.maven.apache.org/maven2/org/cyclonedx/maven-metadata.xml (243 B at 457 B/s)
Downloaded from central: https://repo.maven.apache.org/maven2/io/github/git-commit-id/maven-metadata.xml (255 B at 480 B/s)
Downloading from central: https://repo.maven.apache.org/maven2/org/jooq/maven-metadata.xml
Downloading from central: https://repo.maven.apache.org/maven2/org/jetbrains/kotlin/maven-metadata.xml
Downloading from central: https://repo.maven.apache.org/maven2/org/liquibase/maven-metadata.xml
Downloading from central: https://repo.maven.apache.org/maven2/org/graalvm/buildtools/maven-metadata.xml
Progress (1): 242 BProgress (2): 242 B | 394 BProgress (3): 242 B | 394 B | 375 B                                   Downloaded from central: https://repo.maven.apache.org/maven2/org/jetbrains/kotlin/maven-metadata.xml (375 B at 5.4 kB/s)
Downloaded from central: https://repo.maven.apache.org/maven2/org/liquibase/maven-metadata.xml (394 B at 5.5 kB/s)
Downloaded from central: https://repo.maven.apache.org/maven2/org/graalvm/buildtools/maven-metadata.xml (242 B at 3.5 kB/s)
Downloading from central: https://repo.maven.apache.org/maven2/org/apache/maven/plugins/maven-metadata.xml
Downloading from central: https://repo.maven.apache.org/maven2/org/codehaus/mojo/maven-metadata.xml
Progress (1): 398 B                   Downloaded from central: https://repo.maven.apache.org/maven2/org/jooq/maven-metadata.xml (398 B at 4.0 kB/s)
Progress (1): 3.7 kBProgress (1): 7.5 kBProgress (2): 7.5 kB | 4.6 kBProgress (2): 7.5 kB | 9.7 kBProgress (2): 13 kB | 9.7 kB Progress (2): 19 kB | 9.7 kBProgress (2): 19 kB | 14 kB Progress (2): 20 kB | 14 kB                           Downloaded from central: https://repo.maven.apache.org/maven2/org/apache/maven/plugins/maven-metadata.xml (14 kB at 220 kB/s)
Downloaded from central: https://repo.maven.apache.org/maven2/org/codehaus/mojo/maven-metadata.xml (20 kB at 312 kB/s)
[INFO] 
[INFO] -------------------< com.smartlab:smartlab-backend >--------------------
[INFO] Building SmartLabBackend 0.0.1-SNAPSHOT
[INFO]   from pom.xml
[INFO] --------------------------------[ jar ]---------------------------------
[INFO] 
[INFO] >>> spring-boot:4.0.2:run (default-cli) > test-compile @ smartlab-backend >>>
[INFO] 
[INFO] --- resources:3.3.1:resources (default-resources) @ smartlab-backend ---
[INFO] Copying 1 resource from src\main\resources to target\classes
[INFO] Copying 0 resource from src\main\resources to target\classes
[INFO] 
[INFO] --- compiler:3.14.1:compile (default-compile) @ smartlab-backend ---
[INFO] Nothing to compile - all classes are up to date.
[INFO] 
[INFO] --- resources:3.3.1:testResources (default-testResources) @ smartlab-backend ---
[INFO] skip non existing resourceDirectory D:\hands-on-spring\SmartLab\backend\src\test\resources
[INFO] 
[INFO] --- compiler:3.14.1:testCompile (default-testCompile) @ smartlab-backend ---
[INFO] Nothing to compile - all classes are up to date.
[INFO] 
[INFO] <<< spring-boot:4.0.2:run (default-cli) < test-compile @ smartlab-backend <<<
[INFO] 
[INFO] 
[INFO] --- spring-boot:4.0.2:run (default-cli) @ smartlab-backend ---
[INFO] Attaching agents: []

  .   ____          _            __ _ _
 /\\ / ___'_ __ _ _(_)_ __  __ _ \ \ \ \
( ( )\___ | '_ | '_| | '_ \/ _` | \ \ \ \
 \\/  ___)| |_)| | | | | || (_| |  ) ) ) )
  '  |____| .__|_| |_|_| |_\__, | / / / /
 =========|_|==============|___/=/_/_/_/

 :: Spring Boot ::                (v4.0.2)

2026-08-09T12:20:35.532+07:00  INFO 9744 --- [SmartLabBackend] [  restartedMain] c.smartlab.SmartLabBackendApplication    : Starting SmartLabBackendApplication using Java 21.0.11 with PID 9744 (D:\hands-on-spring\SmartLab\backend\target\classes started by datdt in D:\hands-on-spring\SmartLab\backend)
2026-08-09T12:20:35.536+07:00  INFO 9744 --- [SmartLabBackend] [  restartedMain] c.smartlab.SmartLabBackendApplication    : No active profile set, falling back to 1 default profile: "default"
2026-08-09T12:20:35.582+07:00  INFO 9744 --- [SmartLabBackend] [  restartedMain] .e.DevToolsPropertyDefaultsPostProcessor : Devtools property defaults active! Set 'spring.devtools.add-properties' to 'false' to disable
2026-08-09T12:20:35.582+07:00  INFO 9744 --- [SmartLabBackend] [  restartedMain] .e.DevToolsPropertyDefaultsPostProcessor : For additional web related logging consider setting the 'logging.level.web' property to 'DEBUG'
2026-08-09T12:20:36.371+07:00  INFO 9744 --- [SmartLabBackend] [  restartedMain] .s.d.r.c.RepositoryConfigurationDelegate : Bootstrapping Spring Data JPA repositories in DEFAULT mode.
2026-08-09T12:20:36.440+07:00  INFO 9744 --- [SmartLabBackend] [  restartedMain] .s.d.r.c.RepositoryConfigurationDelegate : Finished Spring Data repository scanning in 60 ms. Found 8 JPA repository interfaces.
2026-08-09T12:20:36.996+07:00  INFO 9744 --- [SmartLabBackend] [  restartedMain] o.s.boot.tomcat.TomcatWebServer          : Tomcat initialized with port 8080 (http)
2026-08-09T12:20:37.010+07:00  INFO 9744 --- [SmartLabBackend] [  restartedMain] o.apache.catalina.core.StandardService   : Starting service [Tomcat]
2026-08-09T12:20:37.010+07:00  INFO 9744 --- [SmartLabBackend] [  restartedMain] o.apache.catalina.core.StandardEngine    : Starting Servlet engine: [Apache Tomcat/11.0.15]
2026-08-09T12:20:37.081+07:00  INFO 9744 --- [SmartLabBackend] [  restartedMain] b.w.c.s.WebApplicationContextInitializer : Root WebApplicationContext: initialization completed in 1497 ms
2026-08-09T12:20:37.188+07:00  INFO 9744 --- [SmartLabBackend] [  restartedMain] org.hibernate.orm.jpa                    : HHH008540: Processing PersistenceUnitInfo [name: default]
2026-08-09T12:20:37.224+07:00  INFO 9744 --- [SmartLabBackend] [  restartedMain] org.hibernate.orm.core                   : HHH000001: Hibernate ORM core version 7.2.1.Final
2026-08-09T12:20:37.557+07:00  INFO 9744 --- [SmartLabBackend] [  restartedMain] o.s.o.j.p.SpringPersistenceUnitInfo      : No LoadTimeWeaver setup: ignoring JPA class transformer
2026-08-09T12:20:37.586+07:00  INFO 9744 --- [SmartLabBackend] [  restartedMain] com.zaxxer.hikari.HikariDataSource       : HikariPool-1 - Starting...
2026-08-09T12:20:37.732+07:00  INFO 9744 --- [SmartLabBackend] [  restartedMain] com.zaxxer.hikari.pool.HikariPool        : HikariPool-1 - Added connection org.postgresql.jdbc.PgConnection@5d82d29d
2026-08-09T12:20:37.734+07:00  INFO 9744 --- [SmartLabBackend] [  restartedMain] com.zaxxer.hikari.HikariDataSource       : HikariPool-1 - Start completed.
2026-08-09T12:20:37.794+07:00  INFO 9744 --- [SmartLabBackend] [  restartedMain] org.hibernate.orm.connections.pooling    : HHH10001005: Database info:
	Database JDBC URL [jdbc:postgresql://localhost:5432/smartlab]
	Database driver: PostgreSQL JDBC Driver
	Database dialect: PostgreSQLDialect
	Database version: 18.4
	Default catalog/schema: smartlab/public
	Autocommit mode: undefined/unknown
	Isolation level: READ_COMMITTED [default READ_COMMITTED]
	JDBC fetch size: none
	Pool: DataSourceConnectionProvider
	Minimum pool size: undefined/unknown
	Maximum pool size: undefined/unknown
2026-08-09T12:20:38.619+07:00  INFO 9744 --- [SmartLabBackend] [  restartedMain] org.hibernate.orm.core                   : HHH000489: No JTA platform available (set 'hibernate.transaction.jta.platform' to enable JTA platform integration)
2026-08-09T12:20:38.630+07:00  INFO 9744 --- [SmartLabBackend] [  restartedMain] j.LocalContainerEntityManagerFactoryBean : Initialized JPA EntityManagerFactory for persistence unit 'default'
2026-08-09T12:20:38.699+07:00  INFO 9744 --- [SmartLabBackend] [  restartedMain] o.s.d.j.r.query.QueryEnhancerFactories   : Hibernate is in classpath; If applicable, HQL parser will be used.
2026-08-09T12:20:39.662+07:00  INFO 9744 --- [SmartLabBackend] [  restartedMain] eAuthenticationProviderManagerConfigurer : Global AuthenticationManager configured with AuthenticationProvider bean with name authenticationProvider
2026-08-09T12:20:39.664+07:00  WARN 9744 --- [SmartLabBackend] [  restartedMain] r$InitializeUserDetailsManagerConfigurer : Global AuthenticationManager configured with an AuthenticationProvider bean. UserDetailsService beans will not be used by Spring Security for automatically configuring username/password login. Consider removing the AuthenticationProvider bean. Alternatively, consider using the UserDetailsService in a manually instantiated DaoAuthenticationProvider. If the current configuration is intentional, to turn off this warning, increase the logging level of 'org.springframework.security.config.annotation.authentication.configuration.InitializeUserDetailsBeanManagerConfigurer' to ERROR
2026-08-09T12:20:40.430+07:00  INFO 9744 --- [SmartLabBackend] [  restartedMain] o.s.boot.tomcat.TomcatWebServer          : Tomcat started on port 8080 (http) with context path '/api/v1.0'
2026-08-09T12:20:40.436+07:00  INFO 9744 --- [SmartLabBackend] [  restartedMain] c.smartlab.SmartLabBackendApplication    : Started SmartLabBackendApplication in 5.221 seconds (process running for 5.612)
2026-08-09T12:20:40.438+07:00  WARN 9744 --- [SmartLabBackend] [  restartedMain] o.s.core.events.SpringDocAppInitializer  : SpringDoc /v3/api-docs endpoint is enabled by default. To disable it in production, set the property 'springdoc.api-docs.enabled=false'
2026-08-09T12:20:40.439+07:00  WARN 9744 --- [SmartLabBackend] [  restartedMain] o.s.core.events.SpringDocAppInitializer  : SpringDoc /swagger-ui.html endpoint is enabled by default. To disable it in production, set the property 'springdoc.swagger-ui.enabled=false'
2026-08-09T12:20:51.387+07:00  INFO 9744 --- [SmartLabBackend] [nio-8080-exec-1] o.a.c.c.C.[.[localhost].[/api/v1.0]      : Initializing Spring DispatcherServlet 'dispatcherServlet'
2026-08-09T12:20:51.388+07:00  INFO 9744 --- [SmartLabBackend] [nio-8080-exec-1] o.s.web.servlet.DispatcherServlet        : Initializing Servlet 'dispatcherServlet'
2026-08-09T12:20:51.393+07:00  INFO 9744 --- [SmartLabBackend] [nio-8080-exec-1] o.s.web.servlet.DispatcherServlet        : Completed initialization in 3 ms
2026-08-09T12:24:18.217+07:00  INFO 9744 --- [SmartLabBackend] [   File Watcher] rtingClassPathChangeChangedEventListener : Restarting due to 73 class path changes (0 additions, 72 deletions, 1 modification)
2026-08-09T12:24:18.226+07:00  INFO 9744 --- [SmartLabBackend] [       Thread-1] o.s.boot.tomcat.GracefulShutdown         : Commencing graceful shutdown. Waiting for active requests to complete
2026-08-09T12:24:18.231+07:00  INFO 9744 --- [SmartLabBackend] [tomcat-shutdown] o.s.boot.tomcat.GracefulShutdown         : Graceful shutdown complete
2026-08-09T12:24:18.237+07:00  INFO 9744 --- [SmartLabBackend] [       Thread-1] j.LocalContainerEntityManagerFactoryBean : Closing JPA EntityManagerFactory for persistence unit 'default'
2026-08-09T12:24:18.240+07:00  INFO 9744 --- [SmartLabBackend] [       Thread-1] com.zaxxer.hikari.HikariDataSource       : HikariPool-1 - Shutdown initiated...
2026-08-09T12:24:18.242+07:00  INFO 9744 --- [SmartLabBackend] [       Thread-1] com.zaxxer.hikari.HikariDataSource       : HikariPool-1 - Shutdown completed.

  .   ____          _            __ _ _
 /\\ / ___'_ __ _ _(_)_ __  __ _ \ \ \ \
( ( )\___ | '_ | '_| | '_ \/ _` | \ \ \ \
 \\/  ___)| |_)| | | | | || (_| |  ) ) ) )
  '  |____| .__|_| |_|_| |_\__, | / / / /
 =========|_|==============|___/=/_/_/_/

 :: Spring Boot ::                (v4.0.2)

2026-08-09T12:24:18.322+07:00  INFO 9744 --- [SmartLabBackend] [  restartedMain] c.smartlab.SmartLabBackendApplication    : Starting SmartLabBackendApplication using Java 21.0.11 with PID 9744 (D:\hands-on-spring\SmartLab\backend\target\classes started by datdt in D:\hands-on-spring\SmartLab\backend)
2026-08-09T12:24:18.322+07:00  INFO 9744 --- [SmartLabBackend] [  restartedMain] c.smartlab.SmartLabBackendApplication    : No active profile set, falling back to 1 default profile: "default"
2026-08-09T12:24:18.516+07:00  INFO 9744 --- [SmartLabBackend] [  restartedMain] .s.d.r.c.RepositoryConfigurationDelegate : Bootstrapping Spring Data JPA repositories in DEFAULT mode.
2026-08-09T12:24:18.521+07:00  INFO 9744 --- [SmartLabBackend] [  restartedMain] .s.d.r.c.RepositoryConfigurationDelegate : Finished Spring Data repository scanning in 3 ms. Found 0 JPA repository interfaces.
2026-08-09T12:24:18.641+07:00  INFO 9744 --- [SmartLabBackend] [  restartedMain] o.s.boot.tomcat.TomcatWebServer          : Tomcat initialized with port 8080 (http)
2026-08-09T12:24:18.644+07:00  INFO 9744 --- [SmartLabBackend] [  restartedMain] o.apache.catalina.core.StandardService   : Starting service [Tomcat]
2026-08-09T12:24:18.645+07:00  INFO 9744 --- [SmartLabBackend] [  restartedMain] o.apache.catalina.core.StandardEngine    : Starting Servlet engine: [Apache Tomcat/11.0.15]
2026-08-09T12:24:18.677+07:00  INFO 9744 --- [SmartLabBackend] [  restartedMain] b.w.c.s.WebApplicationContextInitializer : Root WebApplicationContext: initialization completed in 354 ms
2026-08-09T12:24:18.739+07:00  INFO 9744 --- [SmartLabBackend] [  restartedMain] org.hibernate.orm.jpa                    : HHH008540: Processing PersistenceUnitInfo [name: default]
2026-08-09T12:24:18.760+07:00  INFO 9744 --- [SmartLabBackend] [  restartedMain] o.s.o.j.p.SpringPersistenceUnitInfo      : No LoadTimeWeaver setup: ignoring JPA class transformer
2026-08-09T12:24:18.761+07:00  INFO 9744 --- [SmartLabBackend] [  restartedMain] com.zaxxer.hikari.HikariDataSource       : HikariPool-2 - Starting...
2026-08-09T12:24:18.823+07:00  INFO 9744 --- [SmartLabBackend] [  restartedMain] com.zaxxer.hikari.pool.HikariPool        : HikariPool-2 - Added connection org.postgresql.jdbc.PgConnection@714e6416
2026-08-09T12:24:18.824+07:00  INFO 9744 --- [SmartLabBackend] [  restartedMain] com.zaxxer.hikari.HikariDataSource       : HikariPool-2 - Start completed.
2026-08-09T12:24:18.843+07:00  INFO 9744 --- [SmartLabBackend] [  restartedMain] org.hibernate.orm.connections.pooling    : HHH10001005: Database info:
	Database JDBC URL [jdbc:postgresql://localhost:5432/smartlab]
	Database driver: PostgreSQL JDBC Driver
	Database dialect: PostgreSQLDialect
	Database version: 18.4
	Default catalog/schema: smartlab/public
	Autocommit mode: undefined/unknown
	Isolation level: READ_COMMITTED [default READ_COMMITTED]
	JDBC fetch size: none
	Pool: DataSourceConnectionProvider
	Minimum pool size: undefined/unknown
	Maximum pool size: undefined/unknown
2026-08-09T12:24:18.866+07:00  INFO 9744 --- [SmartLabBackend] [  restartedMain] org.hibernate.orm.core                   : HHH000489: No JTA platform available (set 'hibernate.transaction.jta.platform' to enable JTA platform integration)
2026-08-09T12:24:18.867+07:00  INFO 9744 --- [SmartLabBackend] [  restartedMain] j.LocalContainerEntityManagerFactoryBean : Initialized JPA EntityManagerFactory for persistence unit 'default'
2026-08-09T12:24:19.116+07:00  WARN 9744 --- [SmartLabBackend] [  restartedMain] .s.a.UserDetailsServiceAutoConfiguration : 

Using generated security password: 6962a1e9-b7ba-4f6f-be8e-3a68ffd72876

This generated password is for development use only. Your security configuration must be updated before running your application in production.

2026-08-09T12:24:19.131+07:00  INFO 9744 --- [SmartLabBackend] [  restartedMain] r$InitializeUserDetailsManagerConfigurer : Global AuthenticationManager configured with UserDetailsService bean with name inMemoryUserDetailsManager
2026-08-09T12:24:19.276+07:00  INFO 9744 --- [SmartLabBackend] [  restartedMain] o.s.boot.tomcat.TomcatWebServer          : Tomcat started on port 8080 (http) with context path '/api/v1.0'
2026-08-09T12:24:19.281+07:00  INFO 9744 --- [SmartLabBackend] [  restartedMain] c.smartlab.SmartLabBackendApplication    : Started SmartLabBackendApplication in 0.977 seconds (process running for 224.457)
2026-08-09T12:24:19.284+07:00  WARN 9744 --- [SmartLabBackend] [  restartedMain] o.s.core.events.SpringDocAppInitializer  : SpringDoc /v3/api-docs endpoint is enabled by default. To disable it in production, set the property 'springdoc.api-docs.enabled=false'
2026-08-09T12:24:19.285+07:00  WARN 9744 --- [SmartLabBackend] [  restartedMain] o.s.core.events.SpringDocAppInitializer  : SpringDoc /swagger-ui.html endpoint is enabled by default. To disable it in production, set the property 'springdoc.swagger-ui.enabled=false'
2026-08-09T12:24:19.293+07:00  INFO 9744 --- [SmartLabBackend] [  restartedMain] .ConditionEvaluationDeltaLoggingListener : Condition evaluation delta:


==========================
CONDITION EVALUATION DELTA
==========================


Positive matches:
-----------------

   ServletWebSecurityAutoConfiguration.EnableWebSecurityConfiguration matched:
      - @ConditionalOnClass found required class 'org.springframework.security.config.annotation.web.configuration.EnableWebSecurity' (OnClassCondition)
      - @ConditionalOnMissingBean (names: springSecurityFilterChain; SearchStrategy: all) did not find any beans (OnBeanCondition)

   ServletWebSecurityAutoConfiguration.SecurityFilterChainConfiguration matched:
      - AllNestedConditions 2 matched 0 did not; NestedCondition on DefaultWebSecurityCondition.Beans @ConditionalOnMissingBean (types: org.springframework.security.web.SecurityFilterChain; SearchStrategy: all) did not find any beans; NestedCondition on DefaultWebSecurityCondition.Classes @ConditionalOnClass found required classes 'org.springframework.security.web.SecurityFilterChain', 'org.springframework.security.config.annotation.web.builders.HttpSecurity' (DefaultWebSecurityCondition)

   UserDetailsServiceAutoConfiguration matched:
      - @ConditionalOnClass found required class 'org.springframework.security.authentication.AuthenticationManager' (OnClassCondition)
      - found 'session' scope (OnWebApplicationCondition)
      - AnyNestedCondition 1 matched 2 did not; NestedCondition on MissingAlternativeUserDetailsManagerOrUserPropertiesConfigured.PasswordConfigured @ConditionalOnProperty (spring.security.user.password) did not find property 'spring.security.user.password'; NestedCondition on MissingAlternativeUserDetailsManagerOrUserPropertiesConfigured.NameConfigured @ConditionalOnProperty (spring.security.user.name) did not find property 'spring.security.user.name'; NestedCondition on MissingAlternativeUserDetailsManagerOrUserPropertiesConfigured.MissingAlternative @ConditionalOnMissingClass did not find unwanted classes 'org.springframework.security.oauth2.client.registration.ClientRegistrationRepository', 'org.springframework.security.oauth2.server.resource.introspection.OpaqueTokenIntrospector', 'org.springframework.security.saml2.provider.service.registration.RelyingPartyRegistrationRepository' (MissingAlternativeUserDetailsManagerOrUserPropertiesConfigured)
      - @ConditionalOnMissingBean (types: org.springframework.security.authentication.AuthenticationManager,org.springframework.security.authentication.AuthenticationProvider,org.springframework.security.core.userdetails.UserDetailsService,org.springframework.security.authentication.AuthenticationManagerResolver,org.springframework.security.oauth2.jwt.JwtDecoder; SearchStrategy: all) did not find any beans (OnBeanCondition)


Negative matches:
-----------------

    None


Exclusions:
-----------

    None


Unconditional classes:
----------------------

    None



2026-08-09T12:24:21.393+07:00  INFO 9744 --- [SmartLabBackend] [   File Watcher] rtingClassPathChangeChangedEventListener : Restarting due to 72 class path changes (72 additions, 0 deletions, 0 modifications)
2026-08-09T12:24:21.396+07:00  INFO 9744 --- [SmartLabBackend] [       Thread-5] o.s.boot.tomcat.GracefulShutdown         : Commencing graceful shutdown. Waiting for active requests to complete
2026-08-09T12:24:21.403+07:00  INFO 9744 --- [SmartLabBackend] [tomcat-shutdown] o.s.boot.tomcat.GracefulShutdown         : Graceful shutdown complete
2026-08-09T12:24:21.406+07:00  INFO 9744 --- [SmartLabBackend] [       Thread-5] j.LocalContainerEntityManagerFactoryBean : Closing JPA EntityManagerFactory for persistence unit 'default'
2026-08-09T12:24:21.407+07:00  INFO 9744 --- [SmartLabBackend] [       Thread-5] com.zaxxer.hikari.HikariDataSource       : HikariPool-2 - Shutdown initiated...
2026-08-09T12:24:21.409+07:00  INFO 9744 --- [SmartLabBackend] [       Thread-5] com.zaxxer.hikari.HikariDataSource       : HikariPool-2 - Shutdown completed.

  .   ____          _            __ _ _
 /\\ / ___'_ __ _ _(_)_ __  __ _ \ \ \ \
( ( )\___ | '_ | '_| | '_ \/ _` | \ \ \ \
 \\/  ___)| |_)| | | | | || (_| |  ) ) ) )
  '  |____| .__|_| |_|_| |_\__, | / / / /
 =========|_|==============|___/=/_/_/_/

 :: Spring Boot ::                (v4.0.2)

2026-08-09T12:24:21.501+07:00  INFO 9744 --- [SmartLabBackend] [  restartedMain] c.smartlab.SmartLabBackendApplication    : Starting SmartLabBackendApplication using Java 21.0.11 with PID 9744 (D:\hands-on-spring\SmartLab\backend\target\classes started by datdt in D:\hands-on-spring\SmartLab\backend)
2026-08-09T12:24:21.503+07:00  INFO 9744 --- [SmartLabBackend] [  restartedMain] c.smartlab.SmartLabBackendApplication    : No active profile set, falling back to 1 default profile: "default"
2026-08-09T12:24:21.761+07:00  INFO 9744 --- [SmartLabBackend] [  restartedMain] .s.d.r.c.RepositoryConfigurationDelegate : Bootstrapping Spring Data JPA repositories in DEFAULT mode.
2026-08-09T12:24:21.791+07:00  INFO 9744 --- [SmartLabBackend] [  restartedMain] .s.d.r.c.RepositoryConfigurationDelegate : Finished Spring Data repository scanning in 28 ms. Found 8 JPA repository interfaces.
2026-08-09T12:24:21.948+07:00  INFO 9744 --- [SmartLabBackend] [  restartedMain] o.s.boot.tomcat.TomcatWebServer          : Tomcat initialized with port 8080 (http)
2026-08-09T12:24:21.949+07:00  INFO 9744 --- [SmartLabBackend] [  restartedMain] o.apache.catalina.core.StandardService   : Starting service [Tomcat]
2026-08-09T12:24:21.949+07:00  INFO 9744 --- [SmartLabBackend] [  restartedMain] o.apache.catalina.core.StandardEngine    : Starting Servlet engine: [Apache Tomcat/11.0.15]
2026-08-09T12:24:21.977+07:00  INFO 9744 --- [SmartLabBackend] [  restartedMain] b.w.c.s.WebApplicationContextInitializer : Root WebApplicationContext: initialization completed in 471 ms
2026-08-09T12:24:22.101+07:00  INFO 9744 --- [SmartLabBackend] [  restartedMain] org.hibernate.orm.jpa                    : HHH008540: Processing PersistenceUnitInfo [name: default]
2026-08-09T12:24:22.135+07:00  INFO 9744 --- [SmartLabBackend] [  restartedMain] o.s.o.j.p.SpringPersistenceUnitInfo      : No LoadTimeWeaver setup: ignoring JPA class transformer
2026-08-09T12:24:22.136+07:00  INFO 9744 --- [SmartLabBackend] [  restartedMain] com.zaxxer.hikari.HikariDataSource       : HikariPool-3 - Starting...
2026-08-09T12:24:22.263+07:00  INFO 9744 --- [SmartLabBackend] [  restartedMain] com.zaxxer.hikari.pool.HikariPool        : HikariPool-3 - Added connection org.postgresql.jdbc.PgConnection@30df1f91
2026-08-09T12:24:22.264+07:00  INFO 9744 --- [SmartLabBackend] [  restartedMain] com.zaxxer.hikari.HikariDataSource       : HikariPool-3 - Start completed.
2026-08-09T12:24:22.283+07:00  INFO 9744 --- [SmartLabBackend] [  restartedMain] org.hibernate.orm.connections.pooling    : HHH10001005: Database info:
	Database JDBC URL [jdbc:postgresql://localhost:5432/smartlab]
	Database driver: PostgreSQL JDBC Driver
	Database dialect: PostgreSQLDialect
	Database version: 18.4
	Default catalog/schema: smartlab/public
	Autocommit mode: undefined/unknown
	Isolation level: READ_COMMITTED [default READ_COMMITTED]
	JDBC fetch size: none
	Pool: DataSourceConnectionProvider
	Minimum pool size: undefined/unknown
	Maximum pool size: undefined/unknown
2026-08-09T12:24:22.519+07:00  INFO 9744 --- [SmartLabBackend] [  restartedMain] org.hibernate.orm.core                   : HHH000489: No JTA platform available (set 'hibernate.transaction.jta.platform' to enable JTA platform integration)
2026-08-09T12:24:22.521+07:00  INFO 9744 --- [SmartLabBackend] [  restartedMain] j.LocalContainerEntityManagerFactoryBean : Initialized JPA EntityManagerFactory for persistence unit 'default'
2026-08-09T12:24:23.168+07:00  INFO 9744 --- [SmartLabBackend] [  restartedMain] eAuthenticationProviderManagerConfigurer : Global AuthenticationManager configured with AuthenticationProvider bean with name authenticationProvider
2026-08-09T12:24:23.172+07:00  WARN 9744 --- [SmartLabBackend] [  restartedMain] r$InitializeUserDetailsManagerConfigurer : Global AuthenticationManager configured with an AuthenticationProvider bean. UserDetailsService beans will not be used by Spring Security for automatically configuring username/password login. Consider removing the AuthenticationProvider bean. Alternatively, consider using the UserDetailsService in a manually instantiated DaoAuthenticationProvider. If the current configuration is intentional, to turn off this warning, increase the logging level of 'org.springframework.security.config.annotation.authentication.configuration.InitializeUserDetailsBeanManagerConfigurer' to ERROR
2026-08-09T12:24:23.696+07:00  INFO 9744 --- [SmartLabBackend] [  restartedMain] o.s.boot.tomcat.TomcatWebServer          : Tomcat started on port 8080 (http) with context path '/api/v1.0'
2026-08-09T12:24:23.699+07:00  INFO 9744 --- [SmartLabBackend] [  restartedMain] c.smartlab.SmartLabBackendApplication    : Started SmartLabBackendApplication in 2.223 seconds (process running for 228.875)
2026-08-09T12:24:23.700+07:00  WARN 9744 --- [SmartLabBackend] [  restartedMain] o.s.core.events.SpringDocAppInitializer  : SpringDoc /v3/api-docs endpoint is enabled by default. To disable it in production, set the property 'springdoc.api-docs.enabled=false'
2026-08-09T12:24:23.700+07:00  WARN 9744 --- [SmartLabBackend] [  restartedMain] o.s.core.events.SpringDocAppInitializer  : SpringDoc /swagger-ui.html endpoint is enabled by default. To disable it in production, set the property 'springdoc.swagger-ui.enabled=false'
2026-08-09T12:24:23.701+07:00  INFO 9744 --- [SmartLabBackend] [  restartedMain] .ConditionEvaluationDeltaLoggingListener : Condition evaluation delta:


==========================
CONDITION EVALUATION DELTA
==========================


Positive matches:
-----------------

    None


Negative matches:
-----------------

   ServletWebSecurityAutoConfiguration.EnableWebSecurityConfiguration:
      Did not match:
         - @ConditionalOnMissingBean (names: springSecurityFilterChain; SearchStrategy: all) found beans named springSecurityFilterChain (OnBeanCondition)
      Matched:
         - @ConditionalOnClass found required class 'org.springframework.security.config.annotation.web.configuration.EnableWebSecurity' (OnClassCondition)

   ServletWebSecurityAutoConfiguration.SecurityFilterChainConfiguration:
      Did not match:
         - AllNestedConditions 1 matched 1 did not; NestedCondition on DefaultWebSecurityCondition.Beans @ConditionalOnMissingBean (types: org.springframework.security.web.SecurityFilterChain; SearchStrategy: all) found beans of type 'org.springframework.security.web.SecurityFilterChain' securityFilterChain; NestedCondition on DefaultWebSecurityCondition.Classes @ConditionalOnClass found required classes 'org.springframework.security.web.SecurityFilterChain', 'org.springframework.security.config.annotation.web.builders.HttpSecurity' (DefaultWebSecurityCondition)

   UserDetailsServiceAutoConfiguration:
      Did not match:
         - @ConditionalOnMissingBean (types: org.springframework.security.authentication.AuthenticationManager,org.springframework.security.authentication.AuthenticationProvider,org.springframework.security.core.userdetails.UserDetailsService,org.springframework.security.authentication.AuthenticationManagerResolver,org.springframework.security.oauth2.jwt.JwtDecoder; SearchStrategy: all) found beans of type 'org.springframework.security.authentication.AuthenticationManager' authenticationManagerBean and found beans of type 'org.springframework.security.core.userdetails.UserDetailsService' appUserDetailServiceImpl and found beans of type 'org.springframework.security.authentication.AuthenticationProvider' authenticationProvider (OnBeanCondition)
      Matched:
         - @ConditionalOnClass found required class 'org.springframework.security.authentication.AuthenticationManager' (OnClassCondition)
         - found 'session' scope (OnWebApplicationCondition)
         - AnyNestedCondition 1 matched 2 did not; NestedCondition on MissingAlternativeUserDetailsManagerOrUserPropertiesConfigured.PasswordConfigured @ConditionalOnProperty (spring.security.user.password) did not find property 'spring.security.user.password'; NestedCondition on MissingAlternativeUserDetailsManagerOrUserPropertiesConfigured.NameConfigured @ConditionalOnProperty (spring.security.user.name) did not find property 'spring.security.user.name'; NestedCondition on MissingAlternativeUserDetailsManagerOrUserPropertiesConfigured.MissingAlternative @ConditionalOnMissingClass did not find unwanted classes 'org.springframework.security.oauth2.client.registration.ClientRegistrationRepository', 'org.springframework.security.oauth2.server.resource.introspection.OpaqueTokenIntrospector', 'org.springframework.security.saml2.provider.service.registration.RelyingPartyRegistrationRepository' (MissingAlternativeUserDetailsManagerOrUserPropertiesConfigured)


Exclusions:
-----------

    None


Unconditional classes:
----------------------

    None



[INFO] ------------------------------------------------------------------------
[INFO] BUILD FAILURE
[INFO] ------------------------------------------------------------------------
[INFO] Total time:  04:24 min
[INFO] Finished at: 2026-08-09T12:24:56+07:00
[INFO] ------------------------------------------------------------------------
[ERROR] Failed to execute goal org.springframework.boot:spring-boot-maven-plugin:4.0.2:run (default-cli) on project smartlab-backend: Process terminated with exit code: -1 -> [Help 1]
[ERROR] 
[ERROR] To see the full stack trace of the errors, re-run Maven with the -e switch.
[ERROR] Re-run Maven using the -X switch to enable full debug logging.
[ERROR] 
[ERROR] For more information about the errors and possible solutions, please read the following articles:
[ERROR] [Help 1] http://cwiki.apache.org/confluence/display/MAVEN/MojoExecutionException
